0 verbose cli C:\Program Files\nodejs\node.exe C:\Program Files\nodejs\node_modules\npm\bin\npm-cli.js
1 info using npm@11.6.2
2 info using node@v24.13.0
3 silly config load:file:C:\Program Files\nodejs\node_modules\npm\npmrc
4 silly config load:file:A:\vibegames.ai\.npmrc
5 silly config load:file:C:\Users\sajid\.npmrc
6 silly config load:file:C:\Users\sajid\AppData\Roaming\npm\etc\npmrc
7 verbose title npm exec playwright-cli close-all
8 verbose argv "exec" "--yes" "--package" "@playwright/cli" "--" "playwright-cli" "close-all"
9 verbose logfile logs-max:10 dir:A:\vibegames.ai\.npm-cache\_logs\2026-04-09T18_50_14_983Z-
10 verbose logfile A:\vibegames.ai\.npm-cache\_logs\2026-04-09T18_50_14_983Z-debug-0.log
11 silly logfile start cleaning logs, removing 1 files
12 silly packumentCache heap:4496293888 maxSize:1124073472 maxEntrySize:562036736
13 silly logfile done cleaning log files
14 http fetch GET 200 https://registry.npmjs.org/@playwright%2fcli 306ms (cache revalidated)
15 silly packumentCache heap:4496293888 maxSize:1124073472 maxEntrySize:562036736
16 verbose cwd A:\vibegames.ai
17 verbose os Windows_NT 10.0.26200
18 verbose node v24.13.0
19 verbose npm  v11.6.2
20 verbose exit 0
21 info ok
