[GET] https://www.vibegames.ninja/api/auth/session => [200] 
[GET] https://www.vibegames.ninja/upload?_rsc=1r34m => [200] 
[GET] https://www.vibegames.ninja/games?_rsc=1r34m => [200] 
[GET] https://www.vibegames.ninja/creator?_rsc=1r34m => [200] 
[GET] https://www.vibegames.ninja/jams?_rsc=1r34m => [200] 
[GET] https://www.vibegames.ninja/?_rsc=1r34m => [200] 
[GET] https://www.vibegames.ninja/upload?_rsc=1pn8p => [200] 
[GET] https://www.vibegames.ninja/upload?_rsc=nn07o => [200] 
[GET] https://www.vibegames.ninja/upload?_rsc=k96so => [200] 
[GET] https://www.vibegames.ninja/api/auth/session => [200] 
[GET] https://www.vibegames.ninja/register?_rsc=1r34m => [200] 
[GET] https://www.vibegames.ninja/login?_rsc=1r34m => [200] 
[GET] https://www.vibegames.ninja/register?_rsc=1pn8p => [200] 
[GET] https://www.vibegames.ninja/register?_rsc=15qaw => [200] 
[GET] https://www.vibegames.ninja/register?_rsc=1mive => [200] 
[GET] https://www.vibegames.ninja/register?_rsc=utfv4 => [200] 
[GET] https://www.vibegames.ninja/login?_rsc=1pn8p => [200] 
[GET] https://www.vibegames.ninja/jams?_rsc=1r34m => [200] 
[GET] https://www.vibegames.ninja/login?_rsc=1f8nk => [200] 
[GET] https://www.vibegames.ninja/login?_rsc=21zia => [200] 
[GET] https://www.vibegames.ninja/upload?_rsc=am8vd => [200] 
[GET] https://www.vibegames.ninja/games?_rsc=1lhiu => [200] 
[GET] https://www.vibegames.ninja/creator?_rsc=1mnzw => [200] 
[GET] https://www.vibegames.ninja/jams?_rsc=7rzn2 => [200] 
[GET] https://www.vibegames.ninja/creator?_rsc=1mnzw => [200] 
[GET] https://www.vibegames.ninja/?_rsc=1pn8p => [200] 
[GET] https://www.vibegames.ninja/games?_rsc=1lhiu => [200] 
[GET] https://www.vibegames.ninja/?_rsc=ivliq => [200] 