[GET] https://www.vibegames.ninja/api/auth/session => [200] 
[GET] https://www.vibegames.ninja/upload?_rsc=1r34m => [200] 
[GET] https://www.vibegames.ninja/games?_rsc=1r34m => [200] 
[GET] https://www.vibegames.ninja/creator?_rsc=1r34m => [200] 
[GET] https://www.vibegames.ninja/jams?_rsc=1r34m => [200] 
[GET] https://www.vibegames.ninja/?_rsc=1r34m => [200] 
[GET] https://www.vibegames.ninja/upload?_rsc=1pn8p => [200] 
[GET] https://www.vibegames.ninja/upload?_rsc=nn07o => [200] 
[GET] https://www.vibegames.ninja/upload?_rsc=k96so => [200] 
[GET] https://www.vibegames.ninja/api/auth/session => [200] 
[GET] https://www.vibegames.ninja/register?_rsc=1r34m => [200] 
[GET] https://www.vibegames.ninja/login?_rsc=1r34m => [200] 
[GET] https://www.vibegames.ninja/register?_rsc=1pn8p => [200] 
[GET] https://www.vibegames.ninja/register?_rsc=15qaw => [200] 
[GET] https://www.vibegames.ninja/register?_rsc=1mive => [200] 
[GET] https://www.vibegames.ninja/register?_rsc=utfv4 => [200] 
[GET] https://www.vibegames.ninja/login?_rsc=1pn8p => [200] 
[GET] https://www.vibegames.ninja/jams?_rsc=1r34m => [200] 
[GET] https://www.vibegames.ninja/login?_rsc=1f8nk => [200] 
[GET] https://www.vibegames.ninja/login?_rsc=21zia => [200] 
[GET] https://www.vibegames.ninja/upload?_rsc=am8vd => [200] 
[GET] https://www.vibegames.ninja/games?_rsc=1lhiu => [200] 
[GET] https://www.vibegames.ninja/creator?_rsc=1mnzw => [200] 
[GET] https://www.vibegames.ninja/jams?_rsc=7rzn2 => [200] 
[GET] https://www.vibegames.ninja/creator?_rsc=1mnzw => [200] 
[GET] https://www.vibegames.ninja/?_rsc=1pn8p => [200] 
[GET] https://www.vibegames.ninja/games?_rsc=1lhiu => [200] 
[GET] https://www.vibegames.ninja/?_rsc=ivliq => [200] 
[GET] https://www.vibegames.ninja/jams/ai-arcade-challenge-1?_rsc=1r34m => [200] 
[GET] https://www.vibegames.ninja/games?category=arcade&_rsc=1r34m => [200] 
[GET] https://www.vibegames.ninja/games?category=adventure&_rsc=1r34m => [200] 
[GET] https://www.vibegames.ninja/games?category=rpg&_rsc=1r34m => [200] 
[GET] https://www.vibegames.ninja/games?category=puzzle&_rsc=1r34m => [200] 
[GET] https://www.vibegames.ninja/games?category=action&_rsc=1r34m => [200] 
[GET] https://www.vibegames.ninja/games?category=adventure&_rsc=1r34m => [200] 
[GET] https://www.vibegames.ninja/games?_rsc=1r34m => [200] 
[GET] https://www.vibegames.ninja/jams/ai-arcade-challenge-1?_rsc=1ky48 => [200] 
[GET] https://www.vibegames.ninja/games?category=arcade&_rsc=1l25j => [200] 
[GET] https://www.vibegames.ninja/games?category=adventure&_rsc=p37cr => [200] 
[GET] https://www.vibegames.ninja/games?category=rpg&_rsc=p37cr => [200] 
[GET] https://www.vibegames.ninja/games?category=puzzle&_rsc=p37cr => [200] 
[GET] https://www.vibegames.ninja/games?category=rpg&_rsc=p37cr => [200] 
[GET] https://www.vibegames.ninja/games?category=action&_rsc=p37cr => [200] 
[GET] https://www.vibegames.ninja/games?_rsc=p37cr => [200] 
[GET] https://www.vibegames.ninja/games?category=action&_rsc=p37cr => [200] 
[GET] https://www.vibegames.ninja/games?_rsc=p37cr => [200] 
[GET] https://www.vibegames.ninja/jams/ai-arcade-challenge-1?_rsc=1ky48 => [200] 
[GET] https://www.vibegames.ninja/register?_rsc=1r34m => [200] 
[GET] https://www.vibegames.ninja/login?_rsc=1r34m => [200] 
[GET] https://www.vibegames.ninja/creator?_rsc=1r34m => [200] 
[GET] https://www.vibegames.ninja/upload?_rsc=1r34m => [200] 
[GET] https://www.vibegames.ninja/jams?_rsc=1r34m => [200] 
[GET] https://www.vibegames.ninja/games?_rsc=1r34m => [200] 
[GET] https://www.vibegames.ninja/register?_rsc=1pn8p => [200] 
[GET] https://www.vibegames.ninja/register?_rsc=nn07o => [200] 
[GET] https://www.vibegames.ninja/register?_rsc=15qaw => [200] 
[GET] https://www.vibegames.ninja/register?_rsc=1mive => [200] 
[GET] https://www.vibegames.ninja/register?_rsc=utfv4 => [200] 
[GET] https://www.vibegames.ninja/login?_rsc=1pn8p => [200] 
[GET] https://www.vibegames.ninja/login?_rsc=1f8nk => [200] 
[GET] https://www.vibegames.ninja/login?_rsc=21zia => [200] 
[GET] https://www.vibegames.ninja/creator?_rsc=1t3lm => [200] 
[GET] https://www.vibegames.ninja/upload?_rsc=1pn8p => [200] 
[GET] https://www.vibegames.ninja/upload?_rsc=k96so => [200] 
[GET] https://www.vibegames.ninja/upload?_rsc=am8vd => [200] 
[GET] https://www.vibegames.ninja/jams?_rsc=7rzn2 => [200] 
[GET] https://www.vibegames.ninja/games?_rsc=1l25j => [200] 
[GET] https://www.vibegames.ninja/creator?_rsc=1t3lm => [200] 
[GET] https://www.vibegames.ninja/games?_rsc=1l25j => [200] 
[GET] https://www.vibegames.ninja/jams?_rsc=7rzn2 => [200] 
[GET] https://www.vibegames.ninja/games?_rsc=15lt5 => [200] 
[GET] https://www.vibegames.ninja/jams/ai-arcade-challenge-1?_rsc=1r34m => [200] 
[GET] https://www.vibegames.ninja/games?category=arcade&_rsc=1r34m => [200] 
[GET] https://www.vibegames.ninja/games?category=adventure&_rsc=1r34m => [200] 
[GET] https://www.vibegames.ninja/games?category=rpg&_rsc=1r34m => [200] 
[GET] https://www.vibegames.ninja/games?category=rpg&_rsc=1r34m => [200] 
[GET] https://www.vibegames.ninja/jams/ai-arcade-challenge-1?_rsc=1r34m => [200] 
[GET] https://www.vibegames.ninja/games?_rsc=15lt5 => [200] 
[GET] https://www.vibegames.ninja/?_rsc=17uxt => [200] 
[GET] https://www.vibegames.ninja/?_rsc=m4si4 => [200] 
[GET] https://www.vibegames.ninja/?_rsc=987hc => [200] 
[GET] https://www.vibegames.ninja/play/bit-butcher?_rsc=rkdzs => [200] 
[GET] https://www.vibegames.ninja/play/bit-butcher?_rsc=rkdzs => [200] 
[POST] https://www.vibegames.ninja/api/games/411c38cd-4580-4ff7-996d-df2f7bf62535/play => [500] 
[GET] https://www.vibegames.ninja/games?_rsc=px5wd => [200] 
[GET] https://www.vibegames.ninja/?_rsc=px5wd => [200] 
[GET] https://www.vibegames.ninja/games?_rsc=p0s91 => [200] 
[GET] https://www.vibegames.ninja/?_rsc=rqzvl => [200] 
[GET] https://www.vibegames.ninja/?_rsc=1sldw => [200] 
[GET] https://www.vibegames.ninja/?_rsc=1alf0 => [200] 
[GET] https://www.vibegames.ninja/games?_rsc=p0s91 => [200] 